// Jest Snapshot v1, https://goo.gl/fbAQLP

exports[`Auth Actions should set initial state on authLogout 1`] = `
Object {
  "type": "AUTH_LOGOUT",
}
`;

exports[`Auth Actions should set user 1`] = `
Object {
  "payload": Object {
    "payload": Object {
      "user": Object {},
    },
    "type": "SET_USER_SUCCESS",
  },
  "type": "SET_USER_SUCCESS",
}
`;
